// Jest Snapshot v1, https://goo.gl/fbAQLP

exports[`Snapshot testing the BlogShelf renders correctly 1`] = `
<div
  className="sc-AykKC edhYBg"
/>
`;
