// Jest Snapshot v1, https://goo.gl/fbAQLP

exports[`Copy renders correctly 1`] = `
<div
  className="sc-AykKC gRVqsY"
>
  © 
  2020
  , Built with
   
  <a
    href="https://www.gatsbyjs.org"
  >
    Gatsby
  </a>
   
  and ♥
</div>
`;
