// Jest Snapshot v1, https://goo.gl/fbAQLP

exports[`Snapshot testing the Footer renders correctly 1`] = `
<footer
  className="sc-AykKC fBQJFf"
/>
`;
