// Jest Snapshot v1, https://goo.gl/fbAQLP

exports[`Snapshot testing the Header renders correctly 1`] = `
<header
  className="sc-AykKC fLWTSL"
/>
`;
