// Jest Snapshot v1, https://goo.gl/fbAQLP

exports[`Snapshot testing the Links renders correctly 1`] = `
<nav
  className="sc-AykKC zRNfc"
/>
`;
