// Jest Snapshot v1, https://goo.gl/fbAQLP

exports[`Snapshot testing the Logo renders correctly 1`] = `
<h1
  className="sc-AykKD kFUErR"
>
  <a
    className="sc-AykKC ewilfx"
    href="/"
  >
    <img
      alt="dbarros logo"
      src="test-file-stub"
    />
  </a>
</h1>
`;
