// Jest Snapshot v1, https://goo.gl/fbAQLP

exports[`Snapshot testing the PageTitle renders correctly 1`] = `
<h1
  className="sc-AykKC kQdxEM"
/>
`;
