// Jest Snapshot v1, https://goo.gl/fbAQLP

exports[`Snapshot testing the SEO renders correctly 1`] = `null`;
